[safenote.co/index.html]
[backblue.gif]
[fade.gif]
[index.html]
[safenote.co/image/safenote.png]
[safenote.co/image/safenote-home-page.png]
[code.jquery.com/jquery-3.3.1.min.js]
[cdnjs.cloudflare.com/ajax/libs/dropzone/5.5.1/min/dropzone.min.js]
[safenote.co/js/app.js]
[pagead2.googlesyndication.com/pagead/js/f.txt]
[use.fontawesome.com/releases/v5.5.0/css/all.css]
[safenote.co/css/app.css]
[cdnjs.cloudflare.com/ajax/libs/dropzone/5.5.1/min/dropzone.min.css]
[safenote.co/image/safenote-logo.png]
[safenote.co/private-message.html]
[safenote.co/upload-file.html]
[safenote.co/private-link.html]
[safenote.co/secure-email.html]
[safenote.co/apps.html]
[safenote.co/faq.html]
[safenote.co/support.html]
[safenote.co/image/archive.png]
[safenote.co/image/linking.png]
[safenote.co/image/envelope.png]
[safenote.co/private-note-api.html]
[safenote.co/file-sharing-api.html]
[safenote.co/safenote-script.html]
[safenote.co/advertising.html]
[safenote.co/privacy.html]
[safenote.co/index.html]
[fonts.gstatic.com/index.html]
[fonts.googleapis.com/csse6fc.css]
[safenote.co/image/new-message.png]
[safenote.co/image/share-message.png]
[safenote.co/image/remove-message.png]
[safenote.co/private-message.html]
[safenote.co/image/upload-to-cloud.png]
[safenote.co/image/cloud-share-symbol.png]
[safenote.co/image/remove-from-cloud.png]
[safenote.co/upload-file.html]
[safenote.co/image/add-link.png]
[safenote.co/image/connect.png]
[safenote.co/image/delete-link.png]
[safenote.co/private-link.html]
[safenote.co/image/composing-mail.png]
[safenote.co/image/send-email.png]
[safenote.co/image/delete-open-envelope.png]
[safenote.co/secure-email.html]
[safenote.co/image/extension.png]
[safenote.co/image/chrome.png]
[safenote.co/apps.html]
[safenote.co/faq.html]
[safenote.co/support.html]
[safenote.co/private-note-api.html]
[safenote.co/file-sharing-api.html]
[safenote.co/safenote-script.html]
[safenote.co/advertising.html]
[safenote.co/privacy.html]
[pagead2.googlesyndication.com/pagead/js/f.txt]
[cdnjs.cloudflare.com/ajax/libs/dropzone/5.5.1/min/dropzone.min.js]
[safenote.co/js/app.js]
[use.fontawesome.com/releases/v5.5.0/webfonts/fa-brands-400.svg]
[use.fontawesome.com/releases/v5.5.0/css/all.css]
[safenote.co/css/app.css]
[cdnjs.cloudflare.com/ajax/libs/dropzone/5.5.1/min/dropzone.min.css]
[safenote.co/private-message.html]
[use.fontawesome.com/releases/v5.5.0/webfonts/fa-brands-400.svg]
[use.fontawesome.com/releases/v5.5.0/webfonts/fa-regular-400.svg]
[use.fontawesome.com/releases/v5.5.0/webfonts/fa-regular-400.svg]
[use.fontawesome.com/releases/v5.5.0/webfonts/fa-solid-900.svg]
[use.fontawesome.com/releases/v5.5.0/webfonts/fa-solid-900.svg]
